------------------------------------------------------------
TimeQuest Timing Analyzer Summary
------------------------------------------------------------

Type  : Slow 1100mV 85C Model Setup 'altera_reserved_tck'
Slack : 9.544
TNS   : 0.000

Type  : Slow 1100mV 85C Model Setup 'clk_50'
Slack : 13.951
TNS   : 0.000

Type  : Slow 1100mV 85C Model Hold 'clk_50'
Slack : 0.319
TNS   : 0.000

Type  : Slow 1100mV 85C Model Hold 'altera_reserved_tck'
Slack : 0.439
TNS   : 0.000

Type  : Slow 1100mV 85C Model Recovery 'clk_50'
Slack : 16.281
TNS   : 0.000

Type  : Slow 1100mV 85C Model Recovery 'altera_reserved_tck'
Slack : 29.194
TNS   : 0.000

Type  : Slow 1100mV 85C Model Removal 'clk_50'
Slack : 0.920
TNS   : 0.000

Type  : Slow 1100mV 85C Model Removal 'altera_reserved_tck'
Slack : 1.091
TNS   : 0.000

Type  : Slow 1100mV 85C Model Minimum Pulse Width 'clk_50'
Slack : 8.639
TNS   : 0.000

Type  : Slow 1100mV 85C Model Minimum Pulse Width 'altera_reserved_tck'
Slack : 15.355
TNS   : 0.000

Type  : Slow 1100mV 0C Model Setup 'altera_reserved_tck'
Slack : 9.696
TNS   : 0.000

Type  : Slow 1100mV 0C Model Setup 'clk_50'
Slack : 13.935
TNS   : 0.000

Type  : Slow 1100mV 0C Model Hold 'clk_50'
Slack : 0.300
TNS   : 0.000

Type  : Slow 1100mV 0C Model Hold 'altera_reserved_tck'
Slack : 0.438
TNS   : 0.000

Type  : Slow 1100mV 0C Model Recovery 'clk_50'
Slack : 16.379
TNS   : 0.000

Type  : Slow 1100mV 0C Model Recovery 'altera_reserved_tck'
Slack : 29.404
TNS   : 0.000

Type  : Slow 1100mV 0C Model Removal 'clk_50'
Slack : 0.779
TNS   : 0.000

Type  : Slow 1100mV 0C Model Removal 'altera_reserved_tck'
Slack : 0.981
TNS   : 0.000

Type  : Slow 1100mV 0C Model Minimum Pulse Width 'clk_50'
Slack : 8.584
TNS   : 0.000

Type  : Slow 1100mV 0C Model Minimum Pulse Width 'altera_reserved_tck'
Slack : 15.360
TNS   : 0.000

Type  : Fast 1100mV 85C Model Setup 'altera_reserved_tck'
Slack : 13.112
TNS   : 0.000

Type  : Fast 1100mV 85C Model Setup 'clk_50'
Slack : 16.826
TNS   : 0.000

Type  : Fast 1100mV 85C Model Hold 'altera_reserved_tck'
Slack : 0.100
TNS   : 0.000

Type  : Fast 1100mV 85C Model Hold 'clk_50'
Slack : 0.163
TNS   : 0.000

Type  : Fast 1100mV 85C Model Recovery 'clk_50'
Slack : 17.912
TNS   : 0.000

Type  : Fast 1100mV 85C Model Recovery 'altera_reserved_tck'
Slack : 30.824
TNS   : 0.000

Type  : Fast 1100mV 85C Model Removal 'altera_reserved_tck'
Slack : 0.415
TNS   : 0.000

Type  : Fast 1100mV 85C Model Removal 'clk_50'
Slack : 0.417
TNS   : 0.000

Type  : Fast 1100mV 85C Model Minimum Pulse Width 'clk_50'
Slack : 8.777
TNS   : 0.000

Type  : Fast 1100mV 85C Model Minimum Pulse Width 'altera_reserved_tck'
Slack : 15.203
TNS   : 0.000

Type  : Fast 1100mV 0C Model Setup 'altera_reserved_tck'
Slack : 13.531
TNS   : 0.000

Type  : Fast 1100mV 0C Model Setup 'clk_50'
Slack : 17.115
TNS   : 0.000

Type  : Fast 1100mV 0C Model Hold 'altera_reserved_tck'
Slack : 0.094
TNS   : 0.000

Type  : Fast 1100mV 0C Model Hold 'clk_50'
Slack : 0.115
TNS   : 0.000

Type  : Fast 1100mV 0C Model Recovery 'clk_50'
Slack : 18.168
TNS   : 0.000

Type  : Fast 1100mV 0C Model Recovery 'altera_reserved_tck'
Slack : 31.070
TNS   : 0.000

Type  : Fast 1100mV 0C Model Removal 'clk_50'
Slack : 0.349
TNS   : 0.000

Type  : Fast 1100mV 0C Model Removal 'altera_reserved_tck'
Slack : 0.355
TNS   : 0.000

Type  : Fast 1100mV 0C Model Minimum Pulse Width 'clk_50'
Slack : 8.773
TNS   : 0.000

Type  : Fast 1100mV 0C Model Minimum Pulse Width 'altera_reserved_tck'
Slack : 15.206
TNS   : 0.000

------------------------------------------------------------
